labeling 300000 positions (wsl=False, audit_mode=fresh-second-pass, checkpoint_interval=500)
resume: discarded 90668 uncommitted tail bytes from labels.partial.jsonl
resume: continuing from 37500/300000 committed positions
  checkpoint 38000/300000
  checkpoint 38500/300000
  checkpoint 39000/300000
  checkpoint 39500/300000
  checkpoint 40000/300000
  checkpoint 40500/300000
  checkpoint 41000/300000
  checkpoint 41500/300000
  checkpoint 42000/300000
  checkpoint 42500/300000
  checkpoint 43000/300000
  checkpoint 43500/300000
  checkpoint 44000/300000
  checkpoint 44500/300000
  checkpoint 45000/300000
  checkpoint 45500/300000
  checkpoint 46000/300000
  checkpoint 46500/300000
  checkpoint 47000/300000
  checkpoint 47500/300000
  checkpoint 48000/300000
  checkpoint 48500/300000
  checkpoint 49000/300000
  checkpoint 49500/300000
  checkpoint 50000/300000
  checkpoint 50500/300000
  checkpoint 51000/300000
  checkpoint 51500/300000
  checkpoint 52000/300000
  checkpoint 52500/300000
  checkpoint 53000/300000
  checkpoint 53500/300000
  checkpoint 54000/300000
  checkpoint 54500/300000
  checkpoint 55000/300000
  checkpoint 55500/300000
  checkpoint 56000/300000
  checkpoint 56500/300000
  checkpoint 57000/300000
  checkpoint 57500/300000
  checkpoint 58000/300000
  checkpoint 58500/300000
  checkpoint 59000/300000
  checkpoint 59500/300000
  checkpoint 60000/300000
  checkpoint 60500/300000
  checkpoint 61000/300000
  checkpoint 61500/300000
  checkpoint 62000/300000
  checkpoint 62500/300000
  checkpoint 63000/300000
  checkpoint 63500/300000
  checkpoint 64000/300000
  checkpoint 64500/300000
  checkpoint 65000/300000
  checkpoint 65500/300000
  checkpoint 66000/300000
  checkpoint 66500/300000
  checkpoint 67000/300000
  checkpoint 67500/300000
  checkpoint 68000/300000
  checkpoint 68500/300000
  checkpoint 69000/300000
  checkpoint 69500/300000
  checkpoint 70000/300000
  checkpoint 70500/300000
  checkpoint 71000/300000
  checkpoint 71500/300000
  checkpoint 72000/300000
  checkpoint 72500/300000
  checkpoint 73000/300000
  checkpoint 73500/300000
  checkpoint 74000/300000
  checkpoint 74500/300000
  checkpoint 75000/300000
  checkpoint 75500/300000
  checkpoint 76000/300000
  checkpoint 76500/300000
  checkpoint 77000/300000
  checkpoint 77500/300000
  checkpoint 78000/300000
  checkpoint 78500/300000
  checkpoint 79000/300000
  checkpoint 79500/300000
  checkpoint 80000/300000
  checkpoint 80500/300000
  checkpoint 81000/300000
  checkpoint 81500/300000
  checkpoint 82000/300000
  checkpoint 82500/300000
  checkpoint 83000/300000
  checkpoint 83500/300000
  checkpoint 84000/300000
  checkpoint 84500/300000
  checkpoint 85000/300000
  checkpoint 85500/300000
  checkpoint 86000/300000
  checkpoint 86500/300000
  checkpoint 87000/300000
  checkpoint 87500/300000
  checkpoint 88000/300000
  checkpoint 88500/300000
  checkpoint 89000/300000
  checkpoint 89500/300000
  checkpoint 90000/300000
  checkpoint 90500/300000
  checkpoint 91000/300000
  checkpoint 91500/300000
  checkpoint 92000/300000
  checkpoint 92500/300000
  checkpoint 93000/300000
  checkpoint 93500/300000
  checkpoint 94000/300000
  checkpoint 94500/300000
  checkpoint 95000/300000
  checkpoint 95500/300000
  checkpoint 96000/300000
  checkpoint 96500/300000
  checkpoint 97000/300000
  checkpoint 97500/300000
  checkpoint 98000/300000
  checkpoint 98500/300000
  checkpoint 99000/300000
  checkpoint 99500/300000
  checkpoint 100000/300000
  checkpoint 100500/300000
  checkpoint 101000/300000
  checkpoint 101500/300000
  checkpoint 102000/300000
  checkpoint 102500/300000
  checkpoint 103000/300000
  checkpoint 103500/300000
  checkpoint 104000/300000
  checkpoint 104500/300000
  checkpoint 105000/300000
  checkpoint 105500/300000
  checkpoint 106000/300000
  checkpoint 106500/300000
  checkpoint 107000/300000
  checkpoint 107500/300000
  checkpoint 108000/300000
  checkpoint 108500/300000
  checkpoint 109000/300000
  checkpoint 109500/300000
  checkpoint 110000/300000
  checkpoint 110500/300000
  checkpoint 111000/300000
  checkpoint 111500/300000
  checkpoint 112000/300000
  checkpoint 112500/300000
  checkpoint 113000/300000
  checkpoint 113500/300000
  checkpoint 114000/300000
  checkpoint 114500/300000
  checkpoint 115000/300000
  checkpoint 115500/300000
  checkpoint 116000/300000
  checkpoint 116500/300000
  checkpoint 117000/300000
  checkpoint 117500/300000
  checkpoint 118000/300000
  checkpoint 118500/300000
  checkpoint 119000/300000
  checkpoint 119500/300000
  checkpoint 120000/300000
  checkpoint 120500/300000
  checkpoint 121000/300000
  checkpoint 121500/300000
  checkpoint 122000/300000
  checkpoint 122500/300000
  checkpoint 123000/300000
  checkpoint 123500/300000
  checkpoint 124000/300000
  checkpoint 124500/300000
  checkpoint 125000/300000
  checkpoint 125500/300000
  checkpoint 126000/300000
  checkpoint 126500/300000
  checkpoint 127000/300000
  checkpoint 127500/300000
  checkpoint 128000/300000
  checkpoint 128500/300000
  checkpoint 129000/300000
  checkpoint 129500/300000
  checkpoint 130000/300000
  checkpoint 130500/300000
  checkpoint 131000/300000
  checkpoint 131500/300000
  checkpoint 132000/300000
  checkpoint 132500/300000
  checkpoint 133000/300000
  checkpoint 133500/300000
  checkpoint 134000/300000
  checkpoint 134500/300000
  checkpoint 135000/300000
  checkpoint 135500/300000
  checkpoint 136000/300000
  checkpoint 136500/300000
  checkpoint 137000/300000
  checkpoint 137500/300000
  checkpoint 138000/300000
  checkpoint 138500/300000
  checkpoint 139000/300000
  checkpoint 139500/300000
  checkpoint 140000/300000
  checkpoint 140500/300000
  checkpoint 141000/300000
  checkpoint 141500/300000
  checkpoint 142000/300000
  checkpoint 142500/300000
  checkpoint 143000/300000
  checkpoint 143500/300000
  checkpoint 144000/300000
  checkpoint 144500/300000
  checkpoint 145000/300000
  checkpoint 145500/300000
  checkpoint 146000/300000
  checkpoint 146500/300000
  checkpoint 147000/300000
  checkpoint 147500/300000
  checkpoint 148000/300000
  checkpoint 148500/300000
  checkpoint 149000/300000
  checkpoint 149500/300000
  checkpoint 150000/300000
  checkpoint 150500/300000
  checkpoint 151000/300000
  checkpoint 151500/300000
  checkpoint 152000/300000
  checkpoint 152500/300000
  checkpoint 153000/300000
  checkpoint 153500/300000
  checkpoint 154000/300000
  checkpoint 154500/300000
  checkpoint 155000/300000
  checkpoint 155500/300000
  checkpoint 156000/300000
  checkpoint 156500/300000
  checkpoint 157000/300000
  checkpoint 157500/300000
  checkpoint 158000/300000
  checkpoint 158500/300000
  checkpoint 159000/300000
  checkpoint 159500/300000
  checkpoint 160000/300000
  checkpoint 160500/300000
  checkpoint 161000/300000
  checkpoint 161500/300000
  checkpoint 162000/300000
  checkpoint 162500/300000
  checkpoint 163000/300000
  checkpoint 163500/300000
  checkpoint 164000/300000
  checkpoint 164500/300000
  checkpoint 165000/300000
  checkpoint 165500/300000
  checkpoint 166000/300000
  checkpoint 166500/300000
  checkpoint 167000/300000
  checkpoint 167500/300000
  checkpoint 168000/300000
  checkpoint 168500/300000
  checkpoint 169000/300000
  checkpoint 169500/300000
  checkpoint 170000/300000
  checkpoint 170500/300000
  checkpoint 171000/300000
  checkpoint 171500/300000
  checkpoint 172000/300000
  checkpoint 172500/300000
  checkpoint 173000/300000
  checkpoint 173500/300000
  checkpoint 174000/300000
  checkpoint 174500/300000
  checkpoint 175000/300000
  checkpoint 175500/300000
  checkpoint 176000/300000
  checkpoint 176500/300000
  checkpoint 177000/300000
  checkpoint 177500/300000
  checkpoint 178000/300000
  checkpoint 178500/300000
  checkpoint 179000/300000
  checkpoint 179500/300000
  checkpoint 180000/300000
  checkpoint 180500/300000
  checkpoint 181000/300000
  checkpoint 181500/300000
  checkpoint 182000/300000
  checkpoint 182500/300000
  checkpoint 183000/300000
  checkpoint 183500/300000
  checkpoint 184000/300000
  checkpoint 184500/300000
  checkpoint 185000/300000
  checkpoint 185500/300000
  checkpoint 186000/300000
  checkpoint 186500/300000
  checkpoint 187000/300000
  checkpoint 187500/300000
  checkpoint 188000/300000
  checkpoint 188500/300000
  checkpoint 189000/300000
  checkpoint 189500/300000
  checkpoint 190000/300000
  checkpoint 190500/300000
  checkpoint 191000/300000
  checkpoint 191500/300000
  checkpoint 192000/300000
  checkpoint 192500/300000
  checkpoint 193000/300000
  checkpoint 193500/300000
  checkpoint 194000/300000
  checkpoint 194500/300000
  checkpoint 195000/300000
  checkpoint 195500/300000
  checkpoint 196000/300000
  checkpoint 196500/300000
  checkpoint 197000/300000
  checkpoint 197500/300000
  checkpoint 198000/300000
  checkpoint 198500/300000
  checkpoint 199000/300000
  checkpoint 199500/300000
  checkpoint 200000/300000
  checkpoint 200500/300000
  checkpoint 201000/300000
  checkpoint 201500/300000
  checkpoint 202000/300000
  checkpoint 202500/300000
  checkpoint 203000/300000
  checkpoint 203500/300000
  checkpoint 204000/300000
  checkpoint 204500/300000
  checkpoint 205000/300000
  checkpoint 205500/300000
  checkpoint 206000/300000
  checkpoint 206500/300000
  checkpoint 207000/300000
  checkpoint 207500/300000
  checkpoint 208000/300000
  checkpoint 208500/300000
  checkpoint 209000/300000
  checkpoint 209500/300000
  checkpoint 210000/300000
  checkpoint 210500/300000
  checkpoint 211000/300000
  checkpoint 211500/300000
  checkpoint 212000/300000
  checkpoint 212500/300000
  checkpoint 213000/300000
  checkpoint 213500/300000
  checkpoint 214000/300000
  checkpoint 214500/300000
  checkpoint 215000/300000
  checkpoint 215500/300000
  checkpoint 216000/300000
  checkpoint 216500/300000
  checkpoint 217000/300000
  checkpoint 217500/300000
  checkpoint 218000/300000
  checkpoint 218500/300000
  checkpoint 219000/300000
  checkpoint 219500/300000
  checkpoint 220000/300000
  checkpoint 220500/300000
  checkpoint 221000/300000
  checkpoint 221500/300000
  checkpoint 222000/300000
  checkpoint 222500/300000
  checkpoint 223000/300000
  checkpoint 223500/300000
  checkpoint 224000/300000
  checkpoint 224500/300000
  checkpoint 225000/300000
  checkpoint 225500/300000
  checkpoint 226000/300000
  checkpoint 226500/300000
  checkpoint 227000/300000
  checkpoint 227500/300000
  checkpoint 228000/300000
  checkpoint 228500/300000
  checkpoint 229000/300000
  checkpoint 229500/300000
  checkpoint 230000/300000
  checkpoint 230500/300000
  checkpoint 231000/300000
  checkpoint 231500/300000
  checkpoint 232000/300000
  checkpoint 232500/300000
  checkpoint 233000/300000
  checkpoint 233500/300000
  checkpoint 234000/300000
  checkpoint 234500/300000
  checkpoint 235000/300000
  checkpoint 235500/300000
  checkpoint 236000/300000
  checkpoint 236500/300000
  checkpoint 237000/300000
  checkpoint 237500/300000
  checkpoint 238000/300000
  checkpoint 238500/300000
  checkpoint 239000/300000
  checkpoint 239500/300000
  checkpoint 240000/300000
  checkpoint 240500/300000
  checkpoint 241000/300000
  checkpoint 241500/300000
  checkpoint 242000/300000
  checkpoint 242500/300000
  checkpoint 243000/300000
  checkpoint 243500/300000
  checkpoint 244000/300000
  checkpoint 244500/300000
  checkpoint 245000/300000
  checkpoint 245500/300000
  checkpoint 246000/300000
  checkpoint 246500/300000
  checkpoint 247000/300000
  checkpoint 247500/300000
  checkpoint 248000/300000
  checkpoint 248500/300000
  checkpoint 249000/300000
  checkpoint 249500/300000
  checkpoint 250000/300000
  checkpoint 250500/300000
  checkpoint 251000/300000
  checkpoint 251500/300000
  checkpoint 252000/300000
  checkpoint 252500/300000
  checkpoint 253000/300000
  checkpoint 253500/300000
  checkpoint 254000/300000
  checkpoint 254500/300000
  checkpoint 255000/300000
  checkpoint 255500/300000
  checkpoint 256000/300000
  checkpoint 256500/300000
  checkpoint 257000/300000
  checkpoint 257500/300000
  checkpoint 258000/300000
  checkpoint 258500/300000
  checkpoint 259000/300000
  checkpoint 259500/300000
  checkpoint 260000/300000
  checkpoint 260500/300000
  checkpoint 261000/300000
  checkpoint 261500/300000
  checkpoint 262000/300000
  checkpoint 262500/300000
  checkpoint 263000/300000
  checkpoint 263500/300000
  checkpoint 264000/300000
  checkpoint 264500/300000
  checkpoint 265000/300000
  checkpoint 265500/300000
  checkpoint 266000/300000
  checkpoint 266500/300000
  checkpoint 267000/300000
  checkpoint 267500/300000
  checkpoint 268000/300000
  checkpoint 268500/300000
  checkpoint 269000/300000
  checkpoint 269500/300000
  checkpoint 270000/300000
  checkpoint 270500/300000
  checkpoint 271000/300000
  checkpoint 271500/300000
  checkpoint 272000/300000
  checkpoint 272500/300000
  checkpoint 273000/300000
  checkpoint 273500/300000
  checkpoint 274000/300000
  checkpoint 274500/300000
  checkpoint 275000/300000
  checkpoint 275500/300000
  checkpoint 276000/300000
  checkpoint 276500/300000
  checkpoint 277000/300000
  checkpoint 277500/300000
  checkpoint 278000/300000
  checkpoint 278500/300000
  checkpoint 279000/300000
  checkpoint 279500/300000
  checkpoint 280000/300000
  checkpoint 280500/300000
  checkpoint 281000/300000
  checkpoint 281500/300000
  checkpoint 282000/300000
  checkpoint 282500/300000
  checkpoint 283000/300000
  checkpoint 283500/300000
  checkpoint 284000/300000
  checkpoint 284500/300000
  checkpoint 285000/300000
  checkpoint 285500/300000
  checkpoint 286000/300000
  checkpoint 286500/300000
  checkpoint 287000/300000
  checkpoint 287500/300000
  checkpoint 288000/300000
  checkpoint 288500/300000
  checkpoint 289000/300000
  checkpoint 289500/300000
  checkpoint 290000/300000
  checkpoint 290500/300000
  checkpoint 291000/300000
  checkpoint 291500/300000
  checkpoint 292000/300000
  checkpoint 292500/300000
  checkpoint 293000/300000
  checkpoint 293500/300000
  checkpoint 294000/300000
  checkpoint 294500/300000
  checkpoint 295000/300000
  checkpoint 295500/300000
  checkpoint 296000/300000
  checkpoint 296500/300000
  checkpoint 297000/300000
  checkpoint 297500/300000
  checkpoint 298000/300000
  checkpoint 298500/300000
  checkpoint 299000/300000
  checkpoint 299500/300000
  checkpoint 300000/300000
audit [fresh-second-pass]: PASS (1000 checked, 0 mismatches)
labels.jsonl + teacher_manifest.json published
{
  "engine": "Stockfish 18",
  "verified_binary_sha256": "6b087694916228c905a5e14db74cca8c7e5643602226af1fa5d42353c455b9f9",
  "uci_id_name": "Stockfish 18",
  "uci_id_author": "the Stockfish developers (see AUTHORS file)",
  "binary_path": "~/sf18",
  "binary_sha256": "6b087694916228c905a5e14db74cca8c7e5643602226af1fa5d42353c455b9f9",
  "nodes": 16384,
  "options": {
    "Threads": "1",
    "Hash": "64",
    "MultiPV": "1",
    "UCI_ShowWDL": "true"
  },
  "uci_options_seen": [
    "Debug",
    "NumaPolicy",
    "Threads",
    "Hash",
    "Clear",
    "Ponder",
    "MultiPV",
    "Skill",
    "Move",
    "nodestime",
    "UCI_Chess960",
    "UCI_LimitStrength",
    "UCI_Elo",
    "UCI_ShowWDL",
    "SyzygyPath",
    "SyzygyProbeDepth",
    "Syzygy50MoveRule",
    "SyzygyProbeLimit",
    "EvalFile",
    "EvalFileSmall"
  ],
  "syzygy": "disabled (default)",
  "labeling_mode": "go nodes",
  "audit": {
    "ok": true,
    "checked": 1000,
    "mismatches": [],
    "mode": "fresh-second-pass",
    "sample_count": 1000,
    "sample_position_id_sha256": "ad908ad99a489486f162910be71fb2a1223be9f59fe45f4a877501199ea8aad0"
  },
  "labels_sha256": "bcd49da1ece75a15591e135d5bcf6d036608b1759d6a00e639f3e344e516116f",
  "labeled_positions": 300000,
  "resume": {
    "enabled": true,
    "checkpoint_interval": 500,
    "ordered_position_id_sha256": "029ed43a2d8395ab3cf9f0391dfa2b263718a80e3fe3eb96f8d1164a8c6f42e7",
    "resume_count": 1,
    "checkpoint_schema_version": 1
  }
}
