Started game 1 of 1000 (CurrentFinal vs Current)
Finished game 1 (CurrentFinal vs Current): 1/2-1/2 {Draw by 3-fold repetition}
Score of CurrentFinal vs Current: 0 - 0 - 1  [0.500] 1
Started game 2 of 1000 (Current vs CurrentFinal)
Finished game 2 (Current vs CurrentFinal): 0-1 {Black mates}
Score of CurrentFinal vs Current: 1 - 0 - 1  [0.750] 2
Started game 3 of 1000 (CurrentFinal vs Current)
Finished game 3 (CurrentFinal vs Current): 0-1 {Black mates}
Score of CurrentFinal vs Current: 1 - 1 - 1  [0.500] 3
Started game 4 of 1000 (Current vs CurrentFinal)
Finished game 4 (Current vs CurrentFinal): 0-1 {Black mates}
Score of CurrentFinal vs Current: 2 - 1 - 1  [0.625] 4
Started game 5 of 1000 (CurrentFinal vs Current)
Finished game 5 (CurrentFinal vs Current): 1/2-1/2 {Draw by fifty moves rule}
Score of CurrentFinal vs Current: 2 - 1 - 2  [0.600] 5
Started game 6 of 1000 (Current vs CurrentFinal)
Finished game 6 (Current vs CurrentFinal): 0-1 {Black mates}
Score of CurrentFinal vs Current: 3 - 1 - 2  [0.667] 6
Started game 7 of 1000 (CurrentFinal vs Current)
Finished game 7 (CurrentFinal vs Current): 0-1 {Black mates}
Score of CurrentFinal vs Current: 3 - 2 - 2  [0.571] 7
Started game 8 of 1000 (Current vs CurrentFinal)
Finished game 8 (Current vs CurrentFinal): 0-1 {Black mates}
Score of CurrentFinal vs Current: 4 - 2 - 2  [0.625] 8
Started game 9 of 1000 (CurrentFinal vs Current)
Finished game 9 (CurrentFinal vs Current): 0-1 {Black mates}
Score of CurrentFinal vs Current: 4 - 3 - 2  [0.556] 9
Started game 10 of 1000 (Current vs CurrentFinal)
Finished game 10 (Current vs CurrentFinal): 1/2-1/2 {Draw by fifty moves rule}
Score of CurrentFinal vs Current: 4 - 3 - 3  [0.550] 10
Started game 11 of 1000 (CurrentFinal vs Current)
Finished game 11 (CurrentFinal vs Current): 0-1 {Black mates}
Score of CurrentFinal vs Current: 4 - 4 - 3  [0.500] 11
Started game 12 of 1000 (Current vs CurrentFinal)
Finished game 12 (Current vs CurrentFinal): 1-0 {White mates}
Score of CurrentFinal vs Current: 4 - 5 - 3  [0.458] 12
Started game 13 of 1000 (CurrentFinal vs Current)
Finished game 13 (CurrentFinal vs Current): 1-0 {White mates}
Score of CurrentFinal vs Current: 5 - 5 - 3  [0.500] 13
Started game 14 of 1000 (Current vs CurrentFinal)
Finished game 14 (Current vs CurrentFinal): 0-1 {Black mates}
Score of CurrentFinal vs Current: 6 - 5 - 3  [0.536] 14
Started game 15 of 1000 (CurrentFinal vs Current)
Finished game 15 (CurrentFinal vs Current): 1/2-1/2 {Draw by 3-fold repetition}
Score of CurrentFinal vs Current: 6 - 5 - 4  [0.533] 15
Started game 16 of 1000 (Current vs CurrentFinal)
Finished game 16 (Current vs CurrentFinal): 1/2-1/2 {Draw by 3-fold repetition}
Score of CurrentFinal vs Current: 6 - 5 - 5  [0.531] 16
Started game 17 of 1000 (CurrentFinal vs Current)
Finished game 17 (CurrentFinal vs Current): 1/2-1/2 {Draw by fifty moves rule}
Score of CurrentFinal vs Current: 6 - 5 - 6  [0.529] 17
Started game 18 of 1000 (Current vs CurrentFinal)
Finished game 18 (Current vs CurrentFinal): 0-1 {Black mates}
Score of CurrentFinal vs Current: 7 - 5 - 6  [0.556] 18
Started game 19 of 1000 (CurrentFinal vs Current)
Finished game 19 (CurrentFinal vs Current): 1-0 {White mates}
Score of CurrentFinal vs Current: 8 - 5 - 6  [0.579] 19
Started game 20 of 1000 (Current vs CurrentFinal)
Finished game 20 (Current vs CurrentFinal): 0-1 {Black mates}
Score of CurrentFinal vs Current: 9 - 5 - 6  [0.600] 20
Started game 21 of 1000 (CurrentFinal vs Current)
Finished game 21 (CurrentFinal vs Current): 1-0 {White mates}
Score of CurrentFinal vs Current: 10 - 5 - 6  [0.619] 21
Started game 22 of 1000 (Current vs CurrentFinal)
Finished game 22 (Current vs CurrentFinal): 1-0 {White mates}
Score of CurrentFinal vs Current: 10 - 6 - 6  [0.591] 22
Started game 23 of 1000 (CurrentFinal vs Current)
Finished game 23 (CurrentFinal vs Current): 1-0 {White mates}
Score of CurrentFinal vs Current: 11 - 6 - 6  [0.609] 23
Started game 24 of 1000 (Current vs CurrentFinal)
Finished game 24 (Current vs CurrentFinal): 1-0 {White mates}
Score of CurrentFinal vs Current: 11 - 7 - 6  [0.583] 24
Started game 25 of 1000 (CurrentFinal vs Current)
Finished game 25 (CurrentFinal vs Current): 0-1 {Black mates}
Score of CurrentFinal vs Current: 11 - 8 - 6  [0.560] 25
Started game 26 of 1000 (Current vs CurrentFinal)
Finished game 26 (Current vs CurrentFinal): 0-1 {Black mates}
Score of CurrentFinal vs Current: 12 - 8 - 6  [0.577] 26
Started game 27 of 1000 (CurrentFinal vs Current)
Finished game 27 (CurrentFinal vs Current): 0-1 {Black mates}
Score of CurrentFinal vs Current: 12 - 9 - 6  [0.556] 27
Started game 28 of 1000 (Current vs CurrentFinal)
Finished game 28 (Current vs CurrentFinal): 1/2-1/2 {Draw by 3-fold repetition}
Score of CurrentFinal vs Current: 12 - 9 - 7  [0.554] 28
Started game 29 of 1000 (CurrentFinal vs Current)
Finished game 29 (CurrentFinal vs Current): 1/2-1/2 {Draw by 3-fold repetition}
Score of CurrentFinal vs Current: 12 - 9 - 8  [0.552] 29
Started game 30 of 1000 (Current vs CurrentFinal)
Finished game 30 (Current vs CurrentFinal): 0-1 {Black mates}
Score of CurrentFinal vs Current: 13 - 9 - 8  [0.567] 30
Started game 31 of 1000 (CurrentFinal vs Current)
Finished game 31 (CurrentFinal vs Current): 1-0 {White mates}
Score of CurrentFinal vs Current: 14 - 9 - 8  [0.581] 31
Started game 32 of 1000 (Current vs CurrentFinal)
Finished game 32 (Current vs CurrentFinal): 1-0 {White mates}
Score of CurrentFinal vs Current: 14 - 10 - 8  [0.563] 32
Started game 33 of 1000 (CurrentFinal vs Current)
Finished game 33 (CurrentFinal vs Current): 1-0 {White mates}
Score of CurrentFinal vs Current: 15 - 10 - 8  [0.576] 33
Started game 34 of 1000 (Current vs CurrentFinal)
Finished game 34 (Current vs CurrentFinal): 0-1 {Black mates}
Score of CurrentFinal vs Current: 16 - 10 - 8  [0.588] 34
Started game 35 of 1000 (CurrentFinal vs Current)
Finished game 35 (CurrentFinal vs Current): 1-0 {White mates}
Score of CurrentFinal vs Current: 17 - 10 - 8  [0.600] 35
Started game 36 of 1000 (Current vs CurrentFinal)
Finished game 36 (Current vs CurrentFinal): 0-1 {Black mates}
Score of CurrentFinal vs Current: 18 - 10 - 8  [0.611] 36
Started game 37 of 1000 (CurrentFinal vs Current)
Finished game 37 (CurrentFinal vs Current): 1/2-1/2 {Draw by 3-fold repetition}
Score of CurrentFinal vs Current: 18 - 10 - 9  [0.608] 37
Started game 38 of 1000 (Current vs CurrentFinal)
Finished game 38 (Current vs CurrentFinal): 1-0 {White mates}
Score of CurrentFinal vs Current: 18 - 11 - 9  [0.592] 38
Started game 39 of 1000 (CurrentFinal vs Current)
Finished game 39 (CurrentFinal vs Current): 1-0 {White mates}
Score of CurrentFinal vs Current: 19 - 11 - 9  [0.603] 39
Started game 40 of 1000 (Current vs CurrentFinal)
Finished game 40 (Current vs CurrentFinal): 1/2-1/2 {Draw by fifty moves rule}
Score of CurrentFinal vs Current: 19 - 11 - 10  [0.600] 40
Started game 41 of 1000 (CurrentFinal vs Current)
Finished game 41 (CurrentFinal vs Current): 1-0 {White mates}
Score of CurrentFinal vs Current: 20 - 11 - 10  [0.610] 41
Started game 42 of 1000 (Current vs CurrentFinal)
Finished game 42 (Current vs CurrentFinal): 0-1 {Black mates}
Score of CurrentFinal vs Current: 21 - 11 - 10  [0.619] 42
Started game 43 of 1000 (CurrentFinal vs Current)
Finished game 43 (CurrentFinal vs Current): 0-1 {Black mates}
Score of CurrentFinal vs Current: 21 - 12 - 10  [0.605] 43
Started game 44 of 1000 (Current vs CurrentFinal)
Finished game 44 (Current vs CurrentFinal): 0-1 {Black mates}
Score of CurrentFinal vs Current: 22 - 12 - 10  [0.614] 44
Started game 45 of 1000 (CurrentFinal vs Current)
Finished game 45 (CurrentFinal vs Current): 1-0 {White mates}
Score of CurrentFinal vs Current: 23 - 12 - 10  [0.622] 45
Started game 46 of 1000 (Current vs CurrentFinal)
Finished game 46 (Current vs CurrentFinal): 0-1 {Black mates}
Score of CurrentFinal vs Current: 24 - 12 - 10  [0.630] 46
Started game 47 of 1000 (CurrentFinal vs Current)
Finished game 47 (CurrentFinal vs Current): 1-0 {White mates}
Score of CurrentFinal vs Current: 25 - 12 - 10  [0.638] 47
Started game 48 of 1000 (Current vs CurrentFinal)
Finished game 48 (Current vs CurrentFinal): 1/2-1/2 {Draw by fifty moves rule}
Score of CurrentFinal vs Current: 25 - 12 - 11  [0.635] 48
Started game 49 of 1000 (CurrentFinal vs Current)
Finished game 49 (CurrentFinal vs Current): 0-1 {Black mates}
Score of CurrentFinal vs Current: 25 - 13 - 11  [0.622] 49
Started game 50 of 1000 (Current vs CurrentFinal)
Finished game 50 (Current vs CurrentFinal): 0-1 {Black mates}
Score of CurrentFinal vs Current: 26 - 13 - 11  [0.630] 50
Started game 51 of 1000 (CurrentFinal vs Current)
Finished game 51 (CurrentFinal vs Current): 1/2-1/2 {Draw by insufficient mating material}
Score of CurrentFinal vs Current: 26 - 13 - 12  [0.627] 51
Started game 52 of 1000 (Current vs CurrentFinal)
Finished game 52 (Current vs CurrentFinal): 0-1 {Black mates}
Score of CurrentFinal vs Current: 27 - 13 - 12  [0.635] 52
Started game 53 of 1000 (CurrentFinal vs Current)
Finished game 53 (CurrentFinal vs Current): 1-0 {White mates}
Score of CurrentFinal vs Current: 28 - 13 - 12  [0.642] 53
Started game 54 of 1000 (Current vs CurrentFinal)
Finished game 54 (Current vs CurrentFinal): 0-1 {Black mates}
Score of CurrentFinal vs Current: 29 - 13 - 12  [0.648] 54
Started game 55 of 1000 (CurrentFinal vs Current)
Finished game 55 (CurrentFinal vs Current): 0-1 {Black mates}
Score of CurrentFinal vs Current: 29 - 14 - 12  [0.636] 55
Started game 56 of 1000 (Current vs CurrentFinal)
Finished game 56 (Current vs CurrentFinal): 0-1 {Black mates}
Score of CurrentFinal vs Current: 30 - 14 - 12  [0.643] 56
Started game 57 of 1000 (CurrentFinal vs Current)
Finished game 57 (CurrentFinal vs Current): 1-0 {White mates}
Score of CurrentFinal vs Current: 31 - 14 - 12  [0.649] 57
Started game 58 of 1000 (Current vs CurrentFinal)
Finished game 58 (Current vs CurrentFinal): 1-0 {White mates}
Score of CurrentFinal vs Current: 31 - 15 - 12  [0.638] 58
Started game 59 of 1000 (CurrentFinal vs Current)
Finished game 59 (CurrentFinal vs Current): 1-0 {White mates}
Score of CurrentFinal vs Current: 32 - 15 - 12  [0.644] 59
Started game 60 of 1000 (Current vs CurrentFinal)
Finished game 60 (Current vs CurrentFinal): 0-1 {Black mates}
Score of CurrentFinal vs Current: 33 - 15 - 12  [0.650] 60
Started game 61 of 1000 (CurrentFinal vs Current)
Finished game 61 (CurrentFinal vs Current): 1-0 {White mates}
Score of CurrentFinal vs Current: 34 - 15 - 12  [0.656] 61
Started game 62 of 1000 (Current vs CurrentFinal)
Finished game 62 (Current vs CurrentFinal): 1-0 {White mates}
Score of CurrentFinal vs Current: 34 - 16 - 12  [0.645] 62
Started game 63 of 1000 (CurrentFinal vs Current)
Finished game 63 (CurrentFinal vs Current): 1-0 {White mates}
Score of CurrentFinal vs Current: 35 - 16 - 12  [0.651] 63
Started game 64 of 1000 (Current vs CurrentFinal)
Finished game 64 (Current vs CurrentFinal): 1-0 {White mates}
Score of CurrentFinal vs Current: 35 - 17 - 12  [0.641] 64
Started game 65 of 1000 (CurrentFinal vs Current)
Finished game 65 (CurrentFinal vs Current): 1-0 {White mates}
Score of CurrentFinal vs Current: 36 - 17 - 12  [0.646] 65
Started game 66 of 1000 (Current vs CurrentFinal)
Finished game 66 (Current vs CurrentFinal): 0-1 {Black mates}
Score of CurrentFinal vs Current: 37 - 17 - 12  [0.652] 66
Started game 67 of 1000 (CurrentFinal vs Current)
Finished game 67 (CurrentFinal vs Current): 1-0 {White mates}
Score of CurrentFinal vs Current: 38 - 17 - 12  [0.657] 67
Started game 68 of 1000 (Current vs CurrentFinal)
Finished game 68 (Current vs CurrentFinal): 0-1 {Black mates}
Score of CurrentFinal vs Current: 39 - 17 - 12  [0.662] 68
Started game 69 of 1000 (CurrentFinal vs Current)
Finished game 69 (CurrentFinal vs Current): 1/2-1/2 {Draw by insufficient mating material}
Score of CurrentFinal vs Current: 39 - 17 - 13  [0.659] 69
Started game 70 of 1000 (Current vs CurrentFinal)
Finished game 70 (Current vs CurrentFinal): 0-1 {Black mates}
Score of CurrentFinal vs Current: 40 - 17 - 13  [0.664] 70
Started game 71 of 1000 (CurrentFinal vs Current)
Finished game 71 (CurrentFinal vs Current): 1/2-1/2 {Draw by insufficient mating material}
Score of CurrentFinal vs Current: 40 - 17 - 14  [0.662] 71
Started game 72 of 1000 (Current vs CurrentFinal)
Finished game 72 (Current vs CurrentFinal): 0-1 {Black mates}
Score of CurrentFinal vs Current: 41 - 17 - 14  [0.667] 72
Started game 73 of 1000 (CurrentFinal vs Current)
Finished game 73 (CurrentFinal vs Current): 1-0 {White mates}
Score of CurrentFinal vs Current: 42 - 17 - 14  [0.671] 73
Started game 74 of 1000 (Current vs CurrentFinal)
Finished game 74 (Current vs CurrentFinal): 1-0 {White mates}
Score of CurrentFinal vs Current: 42 - 18 - 14  [0.662] 74
Started game 75 of 1000 (CurrentFinal vs Current)
Finished game 75 (CurrentFinal vs Current): 0-1 {Black mates}
Score of CurrentFinal vs Current: 42 - 19 - 14  [0.653] 75
Started game 76 of 1000 (Current vs CurrentFinal)
Finished game 76 (Current vs CurrentFinal): 0-1 {Black mates}
Score of CurrentFinal vs Current: 43 - 19 - 14  [0.658] 76
Started game 77 of 1000 (CurrentFinal vs Current)
Finished game 77 (CurrentFinal vs Current): 0-1 {Black mates}
Score of CurrentFinal vs Current: 43 - 20 - 14  [0.649] 77
Started game 78 of 1000 (Current vs CurrentFinal)
Finished game 78 (Current vs CurrentFinal): 1-0 {White mates}
Score of CurrentFinal vs Current: 43 - 21 - 14  [0.641] 78
Started game 79 of 1000 (CurrentFinal vs Current)
Finished game 79 (CurrentFinal vs Current): 1/2-1/2 {Draw by 3-fold repetition}
Score of CurrentFinal vs Current: 43 - 21 - 15  [0.639] 79
Started game 80 of 1000 (Current vs CurrentFinal)
Finished game 80 (Current vs CurrentFinal): 1-0 {White mates}
Score of CurrentFinal vs Current: 43 - 22 - 15  [0.631] 80
Started game 81 of 1000 (CurrentFinal vs Current)
Finished game 81 (CurrentFinal vs Current): 1-0 {White mates}
Score of CurrentFinal vs Current: 44 - 22 - 15  [0.636] 81
Started game 82 of 1000 (Current vs CurrentFinal)
Finished game 82 (Current vs CurrentFinal): 1/2-1/2 {Draw by 3-fold repetition}
Score of CurrentFinal vs Current: 44 - 22 - 16  [0.634] 82
Started game 83 of 1000 (CurrentFinal vs Current)
Finished game 83 (CurrentFinal vs Current): 0-1 {Black mates}
Score of CurrentFinal vs Current: 44 - 23 - 16  [0.627] 83
Started game 84 of 1000 (Current vs CurrentFinal)
Finished game 84 (Current vs CurrentFinal): 0-1 {Black mates}
Score of CurrentFinal vs Current: 45 - 23 - 16  [0.631] 84
Started game 85 of 1000 (CurrentFinal vs Current)
Finished game 85 (CurrentFinal vs Current): 1-0 {White mates}
Score of CurrentFinal vs Current: 46 - 23 - 16  [0.635] 85
Started game 86 of 1000 (Current vs CurrentFinal)
Finished game 86 (Current vs CurrentFinal): 1-0 {White mates}
Score of CurrentFinal vs Current: 46 - 24 - 16  [0.628] 86
Started game 87 of 1000 (CurrentFinal vs Current)
Finished game 87 (CurrentFinal vs Current): 1-0 {White mates}
Score of CurrentFinal vs Current: 47 - 24 - 16  [0.632] 87
Started game 88 of 1000 (Current vs CurrentFinal)
Finished game 88 (Current vs CurrentFinal): 0-1 {Black mates}
Score of CurrentFinal vs Current: 48 - 24 - 16  [0.636] 88
Started game 89 of 1000 (CurrentFinal vs Current)
Finished game 89 (CurrentFinal vs Current): 1-0 {White mates}
Score of CurrentFinal vs Current: 49 - 24 - 16  [0.640] 89
Started game 90 of 1000 (Current vs CurrentFinal)
Finished game 90 (Current vs CurrentFinal): 0-1 {Black mates}
Score of CurrentFinal vs Current: 50 - 24 - 16  [0.644] 90
Started game 91 of 1000 (CurrentFinal vs Current)
Finished game 91 (CurrentFinal vs Current): 1-0 {White mates}
Score of CurrentFinal vs Current: 51 - 24 - 16  [0.648] 91
Started game 92 of 1000 (Current vs CurrentFinal)
Finished game 92 (Current vs CurrentFinal): 0-1 {Black mates}
Score of CurrentFinal vs Current: 52 - 24 - 16  [0.652] 92
Started game 93 of 1000 (CurrentFinal vs Current)
Finished game 93 (CurrentFinal vs Current): 1-0 {White mates}
Score of CurrentFinal vs Current: 53 - 24 - 16  [0.656] 93
Started game 94 of 1000 (Current vs CurrentFinal)
Finished game 94 (Current vs CurrentFinal): 0-1 {Black mates}
Score of CurrentFinal vs Current: 54 - 24 - 16  [0.660] 94
Started game 95 of 1000 (CurrentFinal vs Current)
Finished game 95 (CurrentFinal vs Current): 1-0 {White mates}
Score of CurrentFinal vs Current: 55 - 24 - 16  [0.663] 95
Started game 96 of 1000 (Current vs CurrentFinal)
Finished game 96 (Current vs CurrentFinal): 1-0 {White mates}
Score of CurrentFinal vs Current: 55 - 25 - 16  [0.656] 96
Started game 97 of 1000 (CurrentFinal vs Current)
Finished game 97 (CurrentFinal vs Current): 0-1 {Black mates}
Score of CurrentFinal vs Current: 55 - 26 - 16  [0.649] 97
Started game 98 of 1000 (Current vs CurrentFinal)
Finished game 98 (Current vs CurrentFinal): 1-0 {White mates}
Score of CurrentFinal vs Current: 55 - 27 - 16  [0.643] 98
Started game 99 of 1000 (CurrentFinal vs Current)
Finished game 99 (CurrentFinal vs Current): 1-0 {White mates}
Score of CurrentFinal vs Current: 56 - 27 - 16  [0.646] 99
Started game 100 of 1000 (Current vs CurrentFinal)
Finished game 100 (Current vs CurrentFinal): 1-0 {White mates}
Score of CurrentFinal vs Current: 56 - 28 - 16  [0.640] 100
Started game 101 of 1000 (CurrentFinal vs Current)
Finished game 101 (CurrentFinal vs Current): 1-0 {White mates}
Score of CurrentFinal vs Current: 57 - 28 - 16  [0.644] 101
Started game 102 of 1000 (Current vs CurrentFinal)
Finished game 102 (Current vs CurrentFinal): 0-1 {Black mates}
Score of CurrentFinal vs Current: 58 - 28 - 16  [0.647] 102
Started game 103 of 1000 (CurrentFinal vs Current)
Finished game 103 (CurrentFinal vs Current): 1-0 {White mates}
Score of CurrentFinal vs Current: 59 - 28 - 16  [0.650] 103
Started game 104 of 1000 (Current vs CurrentFinal)
Finished game 104 (Current vs CurrentFinal): 0-1 {Black mates}
Score of CurrentFinal vs Current: 60 - 28 - 16  [0.654] 104
Started game 105 of 1000 (CurrentFinal vs Current)
Finished game 105 (CurrentFinal vs Current): 1-0 {White mates}
Score of CurrentFinal vs Current: 61 - 28 - 16  [0.657] 105
Started game 106 of 1000 (Current vs CurrentFinal)
Finished game 106 (Current vs CurrentFinal): 0-1 {Black mates}
Score of CurrentFinal vs Current: 62 - 28 - 16  [0.660] 106
...      CurrentFinal playing White: 30 - 13 - 10  [0.660] 53
...      CurrentFinal playing Black: 32 - 15 - 6  [0.660] 53
...      White vs Black: 45 - 45 - 16  [0.500] 106
Elo difference: 115.5 +/- 64.6, LOS: 100.0 %, DrawRatio: 15.1 %
SPRT: llr 3.03 (102.8%), lbound -2.94, ubound 2.94 - H1 was accepted

Player: CurrentFinal
   "Draw by 3-fold repetition": 8
   "Draw by fifty moves rule": 5
   "Draw by insufficient mating material": 3
   "Loss: Black mates": 13
   "Loss: White mates": 15
   "Win: Black mates": 32
   "Win: White mates": 30
Player: Current
   "Draw by 3-fold repetition": 8
   "Draw by fifty moves rule": 5
   "Draw by insufficient mating material": 3
   "Loss: Black mates": 32
   "Loss: White mates": 30
   "Win: Black mates": 13
   "Win: White mates": 15
Finished match
