Started game 1 of 100 (CurrentFinal vs Current)
Finished game 1 (CurrentFinal vs Current): 1-0 {White mates}
Score of CurrentFinal vs Current: 1 - 0 - 0  [1.000] 1
Started game 2 of 100 (Current vs CurrentFinal)
Finished game 2 (Current vs CurrentFinal): 0-1 {Black mates}
Score of CurrentFinal vs Current: 2 - 0 - 0  [1.000] 2
Started game 3 of 100 (CurrentFinal vs Current)
Finished game 3 (CurrentFinal vs Current): 0-1 {Black mates}
Score of CurrentFinal vs Current: 2 - 1 - 0  [0.667] 3
Started game 4 of 100 (Current vs CurrentFinal)
Finished game 4 (Current vs CurrentFinal): 1-0 {White mates}
Score of CurrentFinal vs Current: 2 - 2 - 0  [0.500] 4
Started game 5 of 100 (CurrentFinal vs Current)
Finished game 5 (CurrentFinal vs Current): 1/2-1/2 {Draw by insufficient mating material}
Score of CurrentFinal vs Current: 2 - 2 - 1  [0.500] 5
Started game 6 of 100 (Current vs CurrentFinal)
Finished game 6 (Current vs CurrentFinal): 0-1 {Black mates}
Score of CurrentFinal vs Current: 3 - 2 - 1  [0.583] 6
Started game 7 of 100 (CurrentFinal vs Current)
Finished game 7 (CurrentFinal vs Current): 1-0 {White mates}
Score of CurrentFinal vs Current: 4 - 2 - 1  [0.643] 7
Started game 8 of 100 (Current vs CurrentFinal)
Finished game 8 (Current vs CurrentFinal): 0-1 {Black mates}
Score of CurrentFinal vs Current: 5 - 2 - 1  [0.688] 8
Started game 9 of 100 (CurrentFinal vs Current)
Finished game 9 (CurrentFinal vs Current): 1-0 {White mates}
Score of CurrentFinal vs Current: 6 - 2 - 1  [0.722] 9
Started game 10 of 100 (Current vs CurrentFinal)
Finished game 10 (Current vs CurrentFinal): 1-0 {White mates}
Score of CurrentFinal vs Current: 6 - 3 - 1  [0.650] 10
Started game 11 of 100 (CurrentFinal vs Current)
Finished game 11 (CurrentFinal vs Current): 1-0 {White mates}
Score of CurrentFinal vs Current: 7 - 3 - 1  [0.682] 11
Started game 12 of 100 (Current vs CurrentFinal)
Finished game 12 (Current vs CurrentFinal): 0-1 {Black mates}
Score of CurrentFinal vs Current: 8 - 3 - 1  [0.708] 12
Started game 13 of 100 (CurrentFinal vs Current)
Finished game 13 (CurrentFinal vs Current): 1-0 {White mates}
Score of CurrentFinal vs Current: 9 - 3 - 1  [0.731] 13
Started game 14 of 100 (Current vs CurrentFinal)
Finished game 14 (Current vs CurrentFinal): 0-1 {Black mates}
Score of CurrentFinal vs Current: 10 - 3 - 1  [0.750] 14
Started game 15 of 100 (CurrentFinal vs Current)
Finished game 15 (CurrentFinal vs Current): 0-1 {Black mates}
Score of CurrentFinal vs Current: 10 - 4 - 1  [0.700] 15
Started game 16 of 100 (Current vs CurrentFinal)
Finished game 16 (Current vs CurrentFinal): 1-0 {White mates}
Score of CurrentFinal vs Current: 10 - 5 - 1  [0.656] 16
Started game 17 of 100 (CurrentFinal vs Current)
Finished game 17 (CurrentFinal vs Current): 1-0 {White mates}
Score of CurrentFinal vs Current: 11 - 5 - 1  [0.676] 17
Started game 18 of 100 (Current vs CurrentFinal)
Finished game 18 (Current vs CurrentFinal): 0-1 {Black mates}
Score of CurrentFinal vs Current: 12 - 5 - 1  [0.694] 18
Started game 19 of 100 (CurrentFinal vs Current)
Finished game 19 (CurrentFinal vs Current): 1-0 {White mates}
Score of CurrentFinal vs Current: 13 - 5 - 1  [0.711] 19
Started game 20 of 100 (Current vs CurrentFinal)
Finished game 20 (Current vs CurrentFinal): 0-1 {Black mates}
Score of CurrentFinal vs Current: 14 - 5 - 1  [0.725] 20
Started game 21 of 100 (CurrentFinal vs Current)
Finished game 21 (CurrentFinal vs Current): 1/2-1/2 {Draw by 3-fold repetition}
Score of CurrentFinal vs Current: 14 - 5 - 2  [0.714] 21
Started game 22 of 100 (Current vs CurrentFinal)
Finished game 22 (Current vs CurrentFinal): 1/2-1/2 {Draw by insufficient mating material}
Score of CurrentFinal vs Current: 14 - 5 - 3  [0.705] 22
Started game 23 of 100 (CurrentFinal vs Current)
Finished game 23 (CurrentFinal vs Current): 1-0 {White mates}
Score of CurrentFinal vs Current: 15 - 5 - 3  [0.717] 23
Started game 24 of 100 (Current vs CurrentFinal)
Finished game 24 (Current vs CurrentFinal): 1/2-1/2 {Draw by 3-fold repetition}
Score of CurrentFinal vs Current: 15 - 5 - 4  [0.708] 24
Started game 25 of 100 (CurrentFinal vs Current)
Finished game 25 (CurrentFinal vs Current): 1-0 {White mates}
Score of CurrentFinal vs Current: 16 - 5 - 4  [0.720] 25
Started game 26 of 100 (Current vs CurrentFinal)
Finished game 26 (Current vs CurrentFinal): 1/2-1/2 {Draw by stalemate}
Score of CurrentFinal vs Current: 16 - 5 - 5  [0.712] 26
Started game 27 of 100 (CurrentFinal vs Current)
Finished game 27 (CurrentFinal vs Current): 1-0 {White mates}
Score of CurrentFinal vs Current: 17 - 5 - 5  [0.722] 27
Started game 28 of 100 (Current vs CurrentFinal)
Finished game 28 (Current vs CurrentFinal): 1-0 {White mates}
Score of CurrentFinal vs Current: 17 - 6 - 5  [0.696] 28
Started game 29 of 100 (CurrentFinal vs Current)
Finished game 29 (CurrentFinal vs Current): 0-1 {Black mates}
Score of CurrentFinal vs Current: 17 - 7 - 5  [0.672] 29
Started game 30 of 100 (Current vs CurrentFinal)
Finished game 30 (Current vs CurrentFinal): 0-1 {Black mates}
Score of CurrentFinal vs Current: 18 - 7 - 5  [0.683] 30
Started game 31 of 100 (CurrentFinal vs Current)
Finished game 31 (CurrentFinal vs Current): 1-0 {White mates}
Score of CurrentFinal vs Current: 19 - 7 - 5  [0.694] 31
Started game 32 of 100 (Current vs CurrentFinal)
Finished game 32 (Current vs CurrentFinal): 1/2-1/2 {Draw by 3-fold repetition}
Score of CurrentFinal vs Current: 19 - 7 - 6  [0.688] 32
Started game 33 of 100 (CurrentFinal vs Current)
Finished game 33 (CurrentFinal vs Current): 1-0 {White mates}
Score of CurrentFinal vs Current: 20 - 7 - 6  [0.697] 33
Started game 34 of 100 (Current vs CurrentFinal)
Finished game 34 (Current vs CurrentFinal): 0-1 {Black mates}
Score of CurrentFinal vs Current: 21 - 7 - 6  [0.706] 34
Started game 35 of 100 (CurrentFinal vs Current)
Finished game 35 (CurrentFinal vs Current): 1-0 {White mates}
Score of CurrentFinal vs Current: 22 - 7 - 6  [0.714] 35
Started game 36 of 100 (Current vs CurrentFinal)
Finished game 36 (Current vs CurrentFinal): 0-1 {Black mates}
Score of CurrentFinal vs Current: 23 - 7 - 6  [0.722] 36
Started game 37 of 100 (CurrentFinal vs Current)
Finished game 37 (CurrentFinal vs Current): 0-1 {Black mates}
Score of CurrentFinal vs Current: 23 - 8 - 6  [0.703] 37
Started game 38 of 100 (Current vs CurrentFinal)
Finished game 38 (Current vs CurrentFinal): 0-1 {Black mates}
Score of CurrentFinal vs Current: 24 - 8 - 6  [0.711] 38
Started game 39 of 100 (CurrentFinal vs Current)
Finished game 39 (CurrentFinal vs Current): 0-1 {Black mates}
Score of CurrentFinal vs Current: 24 - 9 - 6  [0.692] 39
Started game 40 of 100 (Current vs CurrentFinal)
Finished game 40 (Current vs CurrentFinal): 1-0 {White mates}
Score of CurrentFinal vs Current: 24 - 10 - 6  [0.675] 40
Started game 41 of 100 (CurrentFinal vs Current)
Finished game 41 (CurrentFinal vs Current): 1/2-1/2 {Draw by 3-fold repetition}
Score of CurrentFinal vs Current: 24 - 10 - 7  [0.671] 41
Started game 42 of 100 (Current vs CurrentFinal)
Finished game 42 (Current vs CurrentFinal): 1-0 {White mates}
Score of CurrentFinal vs Current: 24 - 11 - 7  [0.655] 42
Started game 43 of 100 (CurrentFinal vs Current)
Finished game 43 (CurrentFinal vs Current): 1-0 {White mates}
Score of CurrentFinal vs Current: 25 - 11 - 7  [0.663] 43
Started game 44 of 100 (Current vs CurrentFinal)
Finished game 44 (Current vs CurrentFinal): 1-0 {White mates}
Score of CurrentFinal vs Current: 25 - 12 - 7  [0.648] 44
Started game 45 of 100 (CurrentFinal vs Current)
Finished game 45 (CurrentFinal vs Current): 0-1 {Black mates}
Score of CurrentFinal vs Current: 25 - 13 - 7  [0.633] 45
Started game 46 of 100 (Current vs CurrentFinal)
Finished game 46 (Current vs CurrentFinal): 1-0 {White mates}
Score of CurrentFinal vs Current: 25 - 14 - 7  [0.620] 46
Started game 47 of 100 (CurrentFinal vs Current)
Finished game 47 (CurrentFinal vs Current): 1-0 {White mates}
Score of CurrentFinal vs Current: 26 - 14 - 7  [0.628] 47
Started game 48 of 100 (Current vs CurrentFinal)
Finished game 48 (Current vs CurrentFinal): 0-1 {Black mates}
Score of CurrentFinal vs Current: 27 - 14 - 7  [0.635] 48
Started game 49 of 100 (CurrentFinal vs Current)
Finished game 49 (CurrentFinal vs Current): 1-0 {White mates}
Score of CurrentFinal vs Current: 28 - 14 - 7  [0.643] 49
Started game 50 of 100 (Current vs CurrentFinal)
Finished game 50 (Current vs CurrentFinal): 1/2-1/2 {Draw by insufficient mating material}
Score of CurrentFinal vs Current: 28 - 14 - 8  [0.640] 50
Started game 51 of 100 (CurrentFinal vs Current)
Finished game 51 (CurrentFinal vs Current): 1-0 {White mates}
Score of CurrentFinal vs Current: 29 - 14 - 8  [0.647] 51
Started game 52 of 100 (Current vs CurrentFinal)
Finished game 52 (Current vs CurrentFinal): 1-0 {White mates}
Score of CurrentFinal vs Current: 29 - 15 - 8  [0.635] 52
Started game 53 of 100 (CurrentFinal vs Current)
Finished game 53 (CurrentFinal vs Current): 1-0 {White mates}
Score of CurrentFinal vs Current: 30 - 15 - 8  [0.642] 53
Started game 54 of 100 (Current vs CurrentFinal)
Finished game 54 (Current vs CurrentFinal): 1-0 {White mates}
Score of CurrentFinal vs Current: 30 - 16 - 8  [0.630] 54
Started game 55 of 100 (CurrentFinal vs Current)
Finished game 55 (CurrentFinal vs Current): 0-1 {Black mates}
Score of CurrentFinal vs Current: 30 - 17 - 8  [0.618] 55
Started game 56 of 100 (Current vs CurrentFinal)
Finished game 56 (Current vs CurrentFinal): 0-1 {Black mates}
Score of CurrentFinal vs Current: 31 - 17 - 8  [0.625] 56
Started game 57 of 100 (CurrentFinal vs Current)
Finished game 57 (CurrentFinal vs Current): 1-0 {White mates}
Score of CurrentFinal vs Current: 32 - 17 - 8  [0.632] 57
Started game 58 of 100 (Current vs CurrentFinal)
Finished game 58 (Current vs CurrentFinal): 1-0 {White mates}
Score of CurrentFinal vs Current: 32 - 18 - 8  [0.621] 58
Started game 59 of 100 (CurrentFinal vs Current)
Finished game 59 (CurrentFinal vs Current): 1/2-1/2 {Draw by fifty moves rule}
Score of CurrentFinal vs Current: 32 - 18 - 9  [0.619] 59
Started game 60 of 100 (Current vs CurrentFinal)
Finished game 60 (Current vs CurrentFinal): 1/2-1/2 {Draw by insufficient mating material}
Score of CurrentFinal vs Current: 32 - 18 - 10  [0.617] 60
Started game 61 of 100 (CurrentFinal vs Current)
Finished game 61 (CurrentFinal vs Current): 1/2-1/2 {Draw by insufficient mating material}
Score of CurrentFinal vs Current: 32 - 18 - 11  [0.615] 61
Started game 62 of 100 (Current vs CurrentFinal)
Finished game 62 (Current vs CurrentFinal): 1-0 {White mates}
Score of CurrentFinal vs Current: 32 - 19 - 11  [0.605] 62
Started game 63 of 100 (CurrentFinal vs Current)
Finished game 63 (CurrentFinal vs Current): 1-0 {White mates}
Score of CurrentFinal vs Current: 33 - 19 - 11  [0.611] 63
Started game 64 of 100 (Current vs CurrentFinal)
Finished game 64 (Current vs CurrentFinal): 0-1 {Black mates}
Score of CurrentFinal vs Current: 34 - 19 - 11  [0.617] 64
Started game 65 of 100 (CurrentFinal vs Current)
Finished game 65 (CurrentFinal vs Current): 0-1 {Black mates}
Score of CurrentFinal vs Current: 34 - 20 - 11  [0.608] 65
Started game 66 of 100 (Current vs CurrentFinal)
Finished game 66 (Current vs CurrentFinal): 1/2-1/2 {Draw by fifty moves rule}
Score of CurrentFinal vs Current: 34 - 20 - 12  [0.606] 66
Started game 67 of 100 (CurrentFinal vs Current)
Finished game 67 (CurrentFinal vs Current): 1-0 {White mates}
Score of CurrentFinal vs Current: 35 - 20 - 12  [0.612] 67
Started game 68 of 100 (Current vs CurrentFinal)
Finished game 68 (Current vs CurrentFinal): 1-0 {White mates}
Score of CurrentFinal vs Current: 35 - 21 - 12  [0.603] 68
Started game 69 of 100 (CurrentFinal vs Current)
Finished game 69 (CurrentFinal vs Current): 1/2-1/2 {Draw by 3-fold repetition}
Score of CurrentFinal vs Current: 35 - 21 - 13  [0.601] 69
Started game 70 of 100 (Current vs CurrentFinal)
Finished game 70 (Current vs CurrentFinal): 0-1 {Black mates}
Score of CurrentFinal vs Current: 36 - 21 - 13  [0.607] 70
Started game 71 of 100 (CurrentFinal vs Current)
Finished game 71 (CurrentFinal vs Current): 0-1 {Black mates}
Score of CurrentFinal vs Current: 36 - 22 - 13  [0.599] 71
Started game 72 of 100 (Current vs CurrentFinal)
Finished game 72 (Current vs CurrentFinal): 1/2-1/2 {Draw by 3-fold repetition}
Score of CurrentFinal vs Current: 36 - 22 - 14  [0.597] 72
Started game 73 of 100 (CurrentFinal vs Current)
Finished game 73 (CurrentFinal vs Current): 1-0 {White mates}
Score of CurrentFinal vs Current: 37 - 22 - 14  [0.603] 73
Started game 74 of 100 (Current vs CurrentFinal)
Finished game 74 (Current vs CurrentFinal): 1/2-1/2 {Draw by 3-fold repetition}
Score of CurrentFinal vs Current: 37 - 22 - 15  [0.601] 74
Started game 75 of 100 (CurrentFinal vs Current)
Finished game 75 (CurrentFinal vs Current): 0-1 {Black mates}
Score of CurrentFinal vs Current: 37 - 23 - 15  [0.593] 75
Started game 76 of 100 (Current vs CurrentFinal)
Finished game 76 (Current vs CurrentFinal): 0-1 {Black mates}
Score of CurrentFinal vs Current: 38 - 23 - 15  [0.599] 76
Started game 77 of 100 (CurrentFinal vs Current)
Finished game 77 (CurrentFinal vs Current): 1-0 {White mates}
Score of CurrentFinal vs Current: 39 - 23 - 15  [0.604] 77
Started game 78 of 100 (Current vs CurrentFinal)
Finished game 78 (Current vs CurrentFinal): 0-1 {Black mates}
Score of CurrentFinal vs Current: 40 - 23 - 15  [0.609] 78
Started game 79 of 100 (CurrentFinal vs Current)
Finished game 79 (CurrentFinal vs Current): 0-1 {Black mates}
Score of CurrentFinal vs Current: 40 - 24 - 15  [0.601] 79
Started game 80 of 100 (Current vs CurrentFinal)
Finished game 80 (Current vs CurrentFinal): 1-0 {White mates}
Score of CurrentFinal vs Current: 40 - 25 - 15  [0.594] 80
Started game 81 of 100 (CurrentFinal vs Current)
Finished game 81 (CurrentFinal vs Current): 1-0 {White mates}
Score of CurrentFinal vs Current: 41 - 25 - 15  [0.599] 81
Started game 82 of 100 (Current vs CurrentFinal)
Finished game 82 (Current vs CurrentFinal): 0-1 {Black mates}
Score of CurrentFinal vs Current: 42 - 25 - 15  [0.604] 82
Started game 83 of 100 (CurrentFinal vs Current)
Finished game 83 (CurrentFinal vs Current): 1/2-1/2 {Draw by insufficient mating material}
Score of CurrentFinal vs Current: 42 - 25 - 16  [0.602] 83
Started game 84 of 100 (Current vs CurrentFinal)
Finished game 84 (Current vs CurrentFinal): 1/2-1/2 {Draw by insufficient mating material}
Score of CurrentFinal vs Current: 42 - 25 - 17  [0.601] 84
Started game 85 of 100 (CurrentFinal vs Current)
Finished game 85 (CurrentFinal vs Current): 1-0 {White mates}
Score of CurrentFinal vs Current: 43 - 25 - 17  [0.606] 85
Started game 86 of 100 (Current vs CurrentFinal)
Finished game 86 (Current vs CurrentFinal): 0-1 {Black mates}
Score of CurrentFinal vs Current: 44 - 25 - 17  [0.610] 86
Started game 87 of 100 (CurrentFinal vs Current)
Finished game 87 (CurrentFinal vs Current): 0-1 {Black mates}
Score of CurrentFinal vs Current: 44 - 26 - 17  [0.603] 87
Started game 88 of 100 (Current vs CurrentFinal)
Finished game 88 (Current vs CurrentFinal): 1/2-1/2 {Draw by 3-fold repetition}
Score of CurrentFinal vs Current: 44 - 26 - 18  [0.602] 88
Started game 89 of 100 (CurrentFinal vs Current)
Finished game 89 (CurrentFinal vs Current): 1-0 {White mates}
Score of CurrentFinal vs Current: 45 - 26 - 18  [0.607] 89
Started game 90 of 100 (Current vs CurrentFinal)
Finished game 90 (Current vs CurrentFinal): 1-0 {White mates}
Score of CurrentFinal vs Current: 45 - 27 - 18  [0.600] 90
Started game 91 of 100 (CurrentFinal vs Current)
Finished game 91 (CurrentFinal vs Current): 0-1 {Black mates}
Score of CurrentFinal vs Current: 45 - 28 - 18  [0.593] 91
Started game 92 of 100 (Current vs CurrentFinal)
Finished game 92 (Current vs CurrentFinal): 1-0 {White mates}
Score of CurrentFinal vs Current: 45 - 29 - 18  [0.587] 92
Started game 93 of 100 (CurrentFinal vs Current)
Finished game 93 (CurrentFinal vs Current): 1-0 {White mates}
Score of CurrentFinal vs Current: 46 - 29 - 18  [0.591] 93
Started game 94 of 100 (Current vs CurrentFinal)
Finished game 94 (Current vs CurrentFinal): 1/2-1/2 {Draw by 3-fold repetition}
Score of CurrentFinal vs Current: 46 - 29 - 19  [0.590] 94
Started game 95 of 100 (CurrentFinal vs Current)
Finished game 95 (CurrentFinal vs Current): 1-0 {White mates}
Score of CurrentFinal vs Current: 47 - 29 - 19  [0.595] 95
Started game 96 of 100 (Current vs CurrentFinal)
Finished game 96 (Current vs CurrentFinal): 0-1 {Black mates}
Score of CurrentFinal vs Current: 48 - 29 - 19  [0.599] 96
Started game 97 of 100 (CurrentFinal vs Current)
Finished game 97 (CurrentFinal vs Current): 1-0 {White mates}
Score of CurrentFinal vs Current: 49 - 29 - 19  [0.603] 97
Started game 98 of 100 (Current vs CurrentFinal)
Finished game 98 (Current vs CurrentFinal): 0-1 {Black mates}
Score of CurrentFinal vs Current: 50 - 29 - 19  [0.607] 98
Started game 99 of 100 (CurrentFinal vs Current)
Finished game 99 (CurrentFinal vs Current): 0-1 {Black mates}
Score of CurrentFinal vs Current: 50 - 30 - 19  [0.601] 99
Started game 100 of 100 (Current vs CurrentFinal)
Finished game 100 (Current vs CurrentFinal): 0-1 {Black mates}
Score of CurrentFinal vs Current: 51 - 30 - 19  [0.605] 100
...      CurrentFinal playing White: 29 - 14 - 7  [0.650] 50
...      CurrentFinal playing Black: 22 - 16 - 12  [0.560] 50
...      White vs Black: 45 - 36 - 19  [0.545] 100
Elo difference: 74.1 +/- 63.0, LOS: 99.0 %, DrawRatio: 19.0 %
SPRT: llr 0 (0.0%), lbound -inf, ubound inf

Player: CurrentFinal
   "Draw by 3-fold repetition": 9
   "Draw by fifty moves rule": 2
   "Draw by insufficient mating material": 7
   "Draw by stalemate": 1
   "Loss: Black mates": 14
   "Loss: White mates": 16
   "Win: Black mates": 22
   "Win: White mates": 29
Player: Current
   "Draw by 3-fold repetition": 9
   "Draw by fifty moves rule": 2
   "Draw by insufficient mating material": 7
   "Draw by stalemate": 1
   "Loss: Black mates": 22
   "Loss: White mates": 29
   "Win: Black mates": 14
   "Win: White mates": 16
Finished match
